[11:23:52.693] [INFO] [36mInitializing Storybook[39m
[11:23:53.012] [DEBUG] Getting package.json info for C:/develop/reviewx-web/package.json...
[11:23:53.012] [DEBUG] Getting CLI versions from NPM for storybook...
[11:23:53.012] [DEBUG] Executing command: pnpm info storybook version
[11:23:53.839] [INFO] Adding Storybook version 10.1.4 to your project
[11:23:53.840] [DEBUG] Project type detected: nextjs
[11:23:53.841] [DEBUG] Using cached package.json for C:\develop\reviewx-web\package.json...
[11:23:53.842] [INFO] Framework detected: nextjs
[11:23:53.843] [DEBUG] Getting installed version for vitest...
[11:23:53.843] [DEBUG] Executing command: pnpm list "vitest" --json --depth=99
[11:23:54.357] [DEBUG] Getting installed version for msw...
[11:23:54.357] [DEBUG] Executing command: pnpm list "msw" --json --depth=99
[11:24:39.061] [PROMPT] New to Storybook? {"choice":true}
[11:24:39.062] [INFO] Storybook collects completely anonymous usage telemetry. We use it to shape Storybook's roadmap and prioritize features. You can learn more, including how to opt out, at https://storybook.js.org/telemetry
[11:24:40.392] [INFO] base-generator-task-start: Generating Storybook configuration
[11:24:40.393] [DEBUG] Using cached package.json for C:\develop\reviewx-web\package.json...
[11:24:40.393] [DEBUG] Using cached package.json for C:\develop\reviewx-web\package.json...
[11:24:40.393] [DEBUG] Using cached package.json for C:\develop\reviewx-web\package.json...
[11:24:40.393] [INFO] base-generator-task: - Configuring ESLint plugin
[11:24:40.394] [DEBUG] Detected flat config at C:\develop\reviewx-web\eslint.config.mjs
[11:24:40.417] [DEBUG] Using cached version for storybook...
[11:24:40.417] [DEBUG] Getting CLI versions from NPM for @storybook/nextjs...
[11:24:40.417] [DEBUG] Executing command: pnpm info @storybook/nextjs version
[11:24:40.434] [DEBUG] Getting CLI versions from NPM for @storybook/addon-a11y...
[11:24:40.434] [DEBUG] Executing command: pnpm info @storybook/addon-a11y version
[11:24:40.450] [DEBUG] Getting CLI versions from NPM for @storybook/addon-docs...
[11:24:40.450] [DEBUG] Executing command: pnpm info @storybook/addon-docs version
[11:24:40.464] [DEBUG] Getting CLI versions from NPM for @storybook/addon-onboarding...
[11:24:40.464] [DEBUG] Executing command: pnpm info @storybook/addon-onboarding version
[11:24:40.479] [DEBUG] Getting CLI versions from NPM for eslint-plugin-storybook...
[11:24:40.479] [DEBUG] Executing command: pnpm info eslint-plugin-storybook version
[11:24:41.854] [INFO] base-generator-task: - Configuring main.ts
[11:24:41.855] [INFO] base-generator-task: - Configuring preview.ts
[11:24:41.856] [INFO] base-generator-task: - Adding Storybook command to package.json
[11:24:41.857] [DEBUG] Getting package.json info for C:/develop/reviewx-web/package.json...
[11:24:41.857] [DEBUG] Using cached package.json for C:\develop\reviewx-web\package.json...
[11:24:41.858] [INFO] base-generator-task: - Copying framework templates
[11:24:41.878] [DEBUG] Executing command: pnpm config get registry
[11:24:42.482] [ERROR] [38;2;241;97;97mError: Cannot find @storybook\nextjs\package.json, Error [ERR_MODULE_NOT_FOUND]: Cannot find package '@storybook/nextjs' imported from C:\Users\청명\AppData\Local\npm-cache\_npx\b8dee972deeb6384\node_modules\storybook\dist\_node-chunks\chunk-Q6B5LJGA.js
    at Object.getPackageJSONURL (node:internal/modules/package_json_reader:266:9)
    at packageResolve (node:internal/modules/esm/resolve:767:81)
    at moduleResolve (node:internal/modules/esm/resolve:853:18)
    at defaultResolve (node:internal/modules/esm/resolve:983:11)
    at #cachedDefaultResolve (node:internal/modules/esm/loader:717:20)
    at #resolveAndMaybeBlockOnLoaderThread (node:internal/modules/esm/loader:753:38)
    at ModuleLoader.resolveSync (node:internal/modules/esm/loader:776:52)
    at Object.resolve (node:internal/modules/esm/initialize_import_meta:35:25)
    at importMetaResolve (file:///C:/Users/%EC%B2%AD%EB%AA%85/AppData/Local/npm-cache/_npx/b8dee972deeb6384/node_modules/storybook/dist/_node-chunks/chunk-Q6B5LJGA.js:717:48)
    at resolvePackageDir (file:///C:/Users/%EC%B2%AD%EB%AA%85/AppData/Local/npm-cache/_npx/b8dee972deeb6384/node_modules/storybook/dist/_node-chunks/chunk-Q6B5LJGA.js:721:35)

Error: EPERM: operation not permitted, mkdir 'C:\Users\청명'
    at async Module.mkdir (node:internal/fs/promises:860:10)
    at async file:///C:/Users/%EC%B2%AD%EB%AA%85/AppData/Local/npm-cache/_npx/b8dee972deeb6384/node_modules/storybook/dist/_node-chunks/chunk-6O3OB2PO.js:5249:5[39m
    at getRendererDir (file:///C:/Users/%EC%B2%AD%EB%AA%85/AppData/Local/npm-cache/_npx/b8dee972deeb6384/node_modules/storybook/dist/_node-chunks/chunk-6O3OB2PO.js:5409:9)
    at process.processTicksAndRejections (node:internal/process/task_queues:105:5)
    at async templatePath (file:///C:/Users/%EC%B2%AD%EB%AA%85/AppData/Local/npm-cache/_npx/b8dee972deeb6384/node_modules/storybook/dist/_node-chunks/chunk-6O3OB2PO.js:5483:19)
    at async copyTemplateFiles (file:///C:/Users/%EC%B2%AD%EB%AA%85/AppData/Local/npm-cache/_npx/b8dee972deeb6384/node_modules/storybook/dist/_node-chunks/chunk-6O3OB2PO.js:5498:17)
    at async baseGenerator (file:///C:/Users/%EC%B2%AD%EB%AA%85/AppData/Local/npm-cache/_npx/b8dee972deeb6384/node_modules/create-storybook/dist/_node-chunks/chunk-5TNC6MRJ.js:1284:152)
    at async GeneratorExecutionCommand.executeProjectGenerator (file:///C:/Users/%EC%B2%AD%EB%AA%85/AppData/Local/npm-cache/_npx/b8dee972deeb6384/node_modules/create-storybook/dist/_node-chunks/chunk-5TNC6MRJ.js:1352:101)
    at async GeneratorExecutionCommand.execute (file:///C:/Users/%EC%B2%AD%EB%AA%85/AppData/Local/npm-cache/_npx/b8dee972deeb6384/node_modules/create-storybook/dist/_node-chunks/chunk-5TNC6MRJ.js:1374:27)
    at async doInitiate (file:///C:/Users/%EC%B2%AD%EB%AA%85/AppData/Local/npm-cache/_npx/b8dee972deeb6384/node_modules/create-storybook/dist/_node-chunks/chunk-5TNC6MRJ.js:2286:68)
    at async file:///C:/Users/%EC%B2%AD%EB%AA%85/AppData/Local/npm-cache/_npx/b8dee972deeb6384/node_modules/create-storybook/dist/_node-chunks/chunk-5TNC6MRJ.js:2329:20
    at async withTelemetry (file:///C:/Users/%EC%B2%AD%EB%AA%85/AppData/Local/npm-cache/_npx/b8dee972deeb6384/node_modules/storybook/dist/_node-chunks/chunk-6KX7N5UF.js:205:12)